
> physics-work-energy-power@0.0.0 build
> node ./node_modules/vite/bin/vite.js build

[36mvite v5.4.21 [32mbuilding for production...[36m[39m
transforming...
node.exe : 
[33m[vite:css] 
@import must precede 
all other statements 
(besides @charset or 
empty @layer)
At line:1 char:1
+ & "E:\/node.exe" "E:\
/node_modules/npm/bin/n
pm-cli.js" run build
+ ~~~~~~~~~~~~~~~~~~~~~
~~~~~~~~~~~~~~~~~~~~~~~
~~~~~~~~~~~~~~~~~~~~
    + CategoryInfo     
         : NotSpecifi  
  ed: ([33m[vite:cs   
 s]...r empty @laye    
r):String) [], Rem    
oteException
    + FullyQualifiedEr 
   rorId : NativeComm  
  andError
 
17 |  }
18 |  
19 |  @import url('http
s://fonts.googleapis.co
m/css2?family=Inter:wgh
t@400;500;600;700;800&f
amily=Playfair+Display:
wght@600;700;800&displa
y=swap');
   |  ^^^^^^^^^^^^^^^^^
^^^^^^^^^^^^^^^^^^^^^^^
^^^^^^^^^^^^^^^^^^^^^^^
^^^^^^^^^^^^^^^^^^^^^^^
^^^^^^^^^^^^^^^^^^^^^^^
^^^^^^^^^^^^^^^^^^^^^^^
^^^^^^^^^
20 |  
21 |  body, html {[39m
[32mΓ£ô[39m 29 modules transformed.
[31mx[39m Build 
failed in 353ms
[31merror during 
build:
[31m[vite:build-import
-analysis] [plugin vite
:build-import-analysis]
 
src/lib/simulations.js 
(962:0): Failed to 
parse source for 
import analysis 
because the content 
contains invalid JS 
syntax. If you are 
using JSX, make sure 
to name the file with 
the .jsx or .tsx 
extension.[31m
file: [36mE:/1. 
Skillizee/Work , 
Energy & Power/src/lib/
simulations.js:962:0[3
1m
[33m
960:   };
961: }
[31m
    at getRollupError (
file:///E:/1.%20Skilliz
ee/Work%20,%20Energy%20
&%20Power/node_modules/
rollup/dist/es/shared/p
arseAst.js:406:41)
    at error (file:///E
:/1.%20Skillizee/Work%2
0,%20Energy%20&%20Power
/node_modules/rollup/di
st/es/shared/parseAst.j
s:402:42)
    at Object.error (fi
le:///E:/1.%20Skillizee
/Work%20,%20Energy%20&%
20Power/node_modules/ro
llup/dist/es/shared/nod
e-entry.js:22304:20)
    at Object.error (fi
le:///E:/1.%20Skillizee
/Work%20,%20Energy%20&%
20Power/node_modules/ro
llup/dist/es/shared/nod
e-entry.js:21345:42)
    at 
Object.transform (file:
///E:/1.%20Skillizee/Wo
rk%20,%20Energy%20&%20P
ower/node_modules/vite/
dist/node/chunks/dep-BK
3b2jBa.js:64913:14)[39
m
